Microchip MPLAB XC8 Compiler V1.32 ()

Linker command line:

--edf=D:\Program Files\Microchip\xc8\v1.32\dat\en_msgs.txt -cs \
  -h+dist/default/production\CIKU.X.production.sym \
  --cmf=dist/default/production\CIKU.X.production.cmf -z -Q18F4550 \
  -oC:\Users\User\AppData\Local\Temp\s39g.6 \
  -Mdist/default/production/CIKU.X.production.map -E1 -ver=XC8 \
  -ASTACK=018Eh-07ffh -pstack=STACK -ACODE=01000h-07FFFh \
  -ACONST=01000h-07FFFh -ASMALLCONST=01000h-010FFhx112 \
  -AMEDIUMCONST=01000h-07FFFh -ACOMRAM=01h-05Fh -AABS1=00h-07FFh \
  -ABIGRAM=01h-07FFh -ARAM=060h-0FFh,0100h-01FFhx7 -ABANK0=060h-0FFh \
  -ABANK1=0100h-01FFh -ABANK2=0200h-02FFh -ABANK3=0300h-03FFh \
  -ABANK4=0400h-04FFh -ABANK5=0500h-05FFh -ABANK6=0600h-06FFh \
  -ABANK7=0700h-07FFh -ASFR=0F60h-0FFFh \
  -preset_vec=01000h,intcode=01008h,intcodelo=01018h,powerup,init,end_init \
  -pramtop=0800h -psmallconst=SMALLCONST -pmediumconst=MEDIUMCONST \
  -pconst=CONST -AFARRAM=00h-00h -ACONFIG=0300000h-030000Dh -pconfig=CONFIG \
  -AIDLOC=0200000h-0200007h -pidloc=IDLOC -AEEDATA=0F00000h-0F000FFh \
  -peeprom_data=EEDATA \
  -prdata=COMRAM,nvrram=COMRAM,nvbit=COMRAM,rbss=COMRAM,rbit=COMRAM \
  -pfarbss=FARRAM,fardata=FARRAM,nvFARRAM=FARRAM \
  -pintsave_regs=BIGRAM,bigbss=BIGRAM,bigdata=BIGRAM -pbss=RAM \
  -pidata=CODE,irdata=CODE,ibigdata=CODE,ifardata=CODE \
  C:\Users\User\AppData\Local\Temp\s39g.obj \
  dist/default/production\CIKU.X.production.obj 

Object code version is 3.11

Machine type is 18F4550

Call graph: (short form)




                Name                               Link     Load   Length Selector   Space Scale
C:\Users\User\AppData\Local\Temp\s39g.obj
                end_init                           1172     1172        4      80C       0
                reset_vec                          1000     1000        4      800       0
dist/default/production\CIKU.X.production.obj
                intcodelo                          1018     1018      15A      80C       0
                intcode                            1008     1008       10      804       0
                smallconst                         1200     1200       C0      900       0
                text15                             1908     1908        E      960       0
                text14                             17CC     17CC       4C      960       0
                text13                             18DC     18DC       10      960       0
                text12                             13E4     13E4      10E      960       0
                text11                             1694     1694       7E      960       0
                intcode_body                       12C0     12C0      124      960       0
                text9                              18C8     18C8       14      960       0
                text7                              1818     1818       4A      960       0
                text6                              1862     1862       3A      960       0
                text5                              189C     189C       2C      960       0
                text4                              14F2     14F2       D8      960       0
                text3                              177A     177A       52      960       0
                text2                              15CA     15CA       CA      960       0
                text1                              18FA     18FA        E      960       0
                text0                              18EC     18EC        E      960       0
                cstackCOMRAM                         2B       2B       1C        1       1
                cstackBANK0                          D8       D8       19       60       1
                cstackBANK1                         184      184        A      100       1
                bssBANK1                            100      100       84      100       1
                dataBANK0                            F1       F1        8       60       1
                bssBANK0                             60       60       78       60       1
                dataCOMRAM                           47       47        2        1       1
                bssCOMRAM                             1        1       2A        1       1
                bitbssCOMRAM                        248       49        1        1       1     8
                cinit                              1712     1712       68      960       0
                idataBANK0                         1916     1916        8      960       0
                idataCOMRAM                        191E     191E        2      960       0

TOTAL           Name                               Link     Load   Length     Space
        CLASS   STACK          

        CLASS   CODE           
                end_init                           1172     1172        4         0
                intcodelo                          1018     1018      15A         0
                intcode                            1008     1008       10         0
                reset_vec                          1000     1000        4         0
                text15                             1908     1908        E         0
                text14                             17CC     17CC       4C         0
                text13                             18DC     18DC       10         0
                text12                             13E4     13E4      10E         0
                text11                             1694     1694       7E         0
                intcode_body                       12C0     12C0      124         0
                text9                              18C8     18C8       14         0
                text7                              1818     1818       4A         0
                text6                              1862     1862       3A         0
                text5                              189C     189C       2C         0
                text4                              14F2     14F2       D8         0
                text3                              177A     177A       52         0
                text2                              15CA     15CA       CA         0
                text1                              18FA     18FA        E         0
                text0                              18EC     18EC        E         0
                cinit                              1712     1712       68         0
                idataBANK0                         1916     1916        8         0
                idataCOMRAM                        191E     191E        2         0

        CLASS   CONST          

        CLASS   SMALLCONST     
                smallconst                         1200     1200       C0         0

        CLASS   MEDIUMCONST    

        CLASS   COMRAM         
                cstackCOMRAM                         2B       2B       1C         1
                dataCOMRAM                           47       47        2         1
                bssCOMRAM                             1        1       2A         1
                bitbssCOMRAM                        248       49        1         1

        CLASS   ABS1           

        CLASS   BIGRAM         

        CLASS   RAM            

        CLASS   BANK0          
                cstackBANK0                          D8       D8       19         1
                dataBANK0                            F1       F1        8         1
                bssBANK0                             60       60       78         1

        CLASS   BANK1          
                cstackBANK1                         184      184        A         1
                bssBANK1                            100      100       84         1

        CLASS   BANK2          

        CLASS   BANK3          

        CLASS   BANK4          

        CLASS   BANK5          

        CLASS   BANK6          

        CLASS   BANK7          

        CLASS   SFR            

        CLASS   FARRAM         

        CLASS   CONFIG         

        CLASS   IDLOC          

        CLASS   EEDATA         



SEGMENTS        Name                           Load    Length   Top    Selector   Space  Class

                bssCOMRAM                      000001  000049  00004A         1       1  COMRAM  
                bssBANK0                       000060  000099  0000F9        60       1  BANK0   
                bssBANK1                       000100  00008E  00018E       100       1  BANK1   
                reset_vec                      001000  000004  001004       800       0  CODE    
                intcode                        001008  000010  001018       804       0  CODE    
                intcodelo                      001018  00015E  001176       80C       0  CODE    
                smallconst                     001200  0000C0  0012C0       900       0  SMALLCON
                intcode_body                   0012C0  000660  001920       960       0  CODE    


UNUSED ADDRESS RANGES

        Name                Unused          Largest block    Delta
        BANK0            00F9-00FF              7
        BANK1            018E-01FF             72
        BANK2            0200-02FF            100
        BANK3            0300-03FF            100
        BANK4            0400-04FF            100
        BANK5            0500-05FF            100
        BANK6            0600-06FF            100
        BANK7            0700-07FF            100
        BIGRAM           004A-005F             16
                         00F9-00FF              7
                         018E-07FF            672
        CODE             1004-1007              4
                         1176-11FF             8A
                         1920-7FFF           66E0
        COMRAM           004A-005F             16
        CONFIG           300000-30000D              E
        CONST            1004-1007              4
                         1176-11FF             8A
                         1920-7FFF           66E0
        EEDATA           F00000-F000FF            100
        FARRAM           0000-0000              1
        IDLOC            200000-200007              8
        MEDIUMCONST      1004-1007              4
                         1176-11FF             8A
                         1920-7FFF           66E0
        RAM              00F9-00FF              7
                         018E-07FF            100
        SFR              0F60-0FFF             A0
        SMALLCONST       1004-1007              4
                         1176-11FF             8A
                         1920-7FFF            100
        STACK            018E-07FF            672

                                  Symbol Table

SC08A_getPos@F5645             bssBANK0     007E
SSerial_recv@d                 cstackBANK0  00DB
SSerial_recv@i                 cstackBANK0  00DC
SSerial_recv@noti              cstackBANK0  00D8
_ADCON0                        (abs)        0FC2
_ADCON0bits                    (abs)        0FC2
_ADCON1                        (abs)        0FC1
_ADCON1bits                    (abs)        0FC1
_ADCON2                        (abs)        0FC0
_ADON                          (abs)        7E10
_ADRESH                        (abs)        0FC4
_ADRESL                        (abs)        0FC3
_BRG16                         (abs)        7DC3
_BRGH                          (abs)        7D62
_CCP1CONbits                   (abs)        0FBD
_CCP2CONbits                   (abs)        0FBA
_CCPR1L                        (abs)        0FBE
_CCPR2L                        (abs)        0FBB
_CREN                          (abs)        7D5C
_GIE                           (abs)        7F97
_GO                            (abs)        7E11
_HW                            bssCOMRAM    0017
_INT0IE                        (abs)        7F94
_INT0IF                        (abs)        7F91
_INT1IE                        (abs)        7F83
_INT1IF                        (abs)        7F80
_INT1IP                        (abs)        7F86
_INT2IE                        (abs)        7F84
_INT2IF                        (abs)        7F81
_INT2IP                        (abs)        7F87
_INTCONbits                    (abs)        0FF2
_INTEDG0                       (abs)        7F8E
_INTEDG1                       (abs)        7F8D
_INTEDG2                       (abs)        7F8C
_INTFlag                       bssCOMRAM    0018
_IPEN                          (abs)        7E87
_LATA                          (abs)        0F89
_LATB                          (abs)        0F8A
_LATC                          (abs)        0F8B
_LATD                          (abs)        0F8C
_LATE                          (abs)        0F8D
_PEIE                          (abs)        7F96
_PORTA                         (abs)        0F80
_PORTB                         (abs)        0F81
_PORTC                         (abs)        0F82
_PORTD                         (abs)        0F83
_PORTE                         (abs)        0F84
_PR2                           (abs)        0FCB
_RBPU                          (abs)        7F8F
_RCIE                          (abs)        7CED
_RCIF                          (abs)        7CF5
_RCIP                          (abs)        7CFD
_RCREG                         (abs)        0FAE
_SERIAL_ERR                    bssCOMRAM    0019
_SPBRG                         (abs)        0FAF
_SPBRGH                        (abs)        0FB0
_SPEN                          (abs)        7D5F
_SSerial_recv                  text12       13E4
_SSerial_recv$1296             cstackBANK0  00D9
_SSerial_rx_pin_read           text15       1908
_SYNC                          (abs)        7D64
_T0CON                         (abs)        0FD5
_T1CON                         (abs)        0FCD
_T2CON                         (abs)        0FCA
_TMR0IE                        (abs)        7F95
_TMR0IF                        (abs)        7F92
_TMR0IP                        (abs)        7F8A
_TMR0L                         (abs)        0FD6
_TMR1                          (abs)        0FCE
_TMR1IE                        (abs)        7CE8
_TMR1IF                        (abs)        7CF0
_TMR1IP                        (abs)        7CF8
_TMR1ON                        (abs)        7E68
_TRISA                         (abs)        0F92
_TRISA4                        (abs)        7C94
_TRISB                         (abs)        0F93
_TRISC                         (abs)        0F94
_TRISC6                        (abs)        7CA6
_TRISC7                        (abs)        7CA7
_TRISD                         (abs)        0F95
_TRISE                         (abs)        0F96
_TRMT                          (abs)        7D61
_TX9                           (abs)        7D66
_TXEN                          (abs)        7D65
_TXIE                          (abs)        7CEC
_TXIF                          (abs)        7CF4
_TXIP                          (abs)        7CFC
_TXREG                         (abs)        0FAD
_TxRx                          bssCOMRAM    001A
_XMIT_START_ADJUSTMENT         smallconst   12B8
__AX12_CTRL                    bssCOMRAM    001B
__G15_CTRL                     bssCOMRAM    001C
__HRAM                         (abs)        0000
__Habs1                        abs1         0000
__Hbank0                       bank0        0000
__Hbank1                       bank1        0000
__Hbank2                       bank2        0000
__Hbank3                       bank3        0000
__Hbank4                       bank4        0000
__Hbank5                       bank5        0000
__Hbank6                       bank6        0000
__Hbank7                       bank7        0000
__Hbigbss                      bigbss       0000
__Hbigdata                     bigdata      0000
__Hbigram                      bigram       0000
__HbitbssCOMRAM                bitbssCOMRAM 0000
__Hbss                         bss          0000
__HbssBANK0                    bssBANK0     0000
__HbssBANK1                    bssBANK1     0000
__HbssCOMRAM                   bssCOMRAM    0000
__Hcinit                       cinit        0000
__Hclrtext                     clrtext      0000
__Hcomram                      comram       0000
__Hconfig                      config       0000
__Hconst                       const        0000
__HcstackBANK0                 cstackBANK0  0000
__HcstackBANK1                 cstackBANK1  0000
__HcstackCOMRAM                cstackCOMRAM 0000
__Hdata                        data         0000
__HdataBANK0                   dataBANK0    0000
__HdataCOMRAM                  dataCOMRAM   0000
__Heeprom_data                 eeprom_data  0000
__Hend_init                    end_init     1176
__Hfarbss                      farbss       0000
__Hfardata                     fardata      0000
__Hibigdata                    ibigdata     0000
__Hidata                       idata        0000
__HidataBANK0                  idataBANK0   0000
__HidataCOMRAM                 idataCOMRAM  0000
__Hidloc                       idloc        0000
__Hifardata                    ifardata     0000
__Hinit                        init         1172
__Hintcode                     intcode      1018
__Hintcode_body                intcode_body 0000
__Hintcodelo                   intcodelo    1172
__Hintentry                    intentry     0000
__Hintret                      intret       0000
__Hintsave_regs                intsave_regs 0000
__Hirdata                      irdata       0000
__Hmediumconst                 mediumconst  0000
__HnvFARRAM                    nvFARRAM     0000
__Hnvbit                       nvbit        0000
__Hnvrram                      nvrram       0000
__Hparam                       rparam       0000
__Hpowerup                     powerup      1172
__Hram                         ram          0000
__Hramtop                      ramtop       0800
__Hrbit                        rbit         0000
__Hrbss                        rbss         0000
__Hrdata                       rdata        0000
__Hreset_vec                   reset_vec    1004
__Hrparam                      rparam       0000
__Hsfr                         sfr          0000
__Hsmallconst                  smallconst   12C0
__Hspace_0                     (abs)        1920
__Hspace_1                     (abs)        0249
__Hspace_2                     (abs)        0000
__Hstack                       stack        0000
__Hstruct                      struct       0000
__Htemp                        temp         0000
__Htext                        text         0000
__Htext0                       text0        0000
__Htext1                       text1        0000
__Htext11                      text11       0000
__Htext12                      text12       0000
__Htext13                      text13       0000
__Htext14                      text14       0000
__Htext15                      text15       0000
__Htext2                       text2        0000
__Htext3                       text3        0000
__Htext4                       text4        0000
__Htext5                       text5        0000
__Htext6                       text6        0000
__Htext7                       text7        0000
__Htext9                       text9        0000
__LRAM                         (abs)        0001
__Labs1                        abs1         0000
__Lbank0                       bank0        0000
__Lbank1                       bank1        0000
__Lbank2                       bank2        0000
__Lbank3                       bank3        0000
__Lbank4                       bank4        0000
__Lbank5                       bank5        0000
__Lbank6                       bank6        0000
__Lbank7                       bank7        0000
__Lbigbss                      bigbss       0000
__Lbigdata                     bigdata      0000
__Lbigram                      bigram       0000
__LbitbssCOMRAM                bitbssCOMRAM 0000
__Lbss                         bss          0000
__LbssBANK0                    bssBANK0     0000
__LbssBANK1                    bssBANK1     0000
__LbssCOMRAM                   bssCOMRAM    0000
__Lcinit                       cinit        0000
__Lclrtext                     clrtext      0000
__Lcomram                      comram       0000
__Lconfig                      config       0000
__Lconst                       const        0000
__LcstackBANK0                 cstackBANK0  0000
__LcstackBANK1                 cstackBANK1  0000
__LcstackCOMRAM                cstackCOMRAM 0000
__Ldata                        data         0000
__LdataBANK0                   dataBANK0    0000
__LdataCOMRAM                  dataCOMRAM   0000
__Leeprom_data                 eeprom_data  0000
__Lend_init                    end_init     1172
__Lfarbss                      farbss       0000
__Lfardata                     fardata      0000
__Libigdata                    ibigdata     0000
__Lidata                       idata        0000
__LidataBANK0                  idataBANK0   0000
__LidataCOMRAM                 idataCOMRAM  0000
__Lidloc                       idloc        0000
__Lifardata                    ifardata     0000
__Linit                        init         1172
__Lintcode                     intcode      1008
__Lintcode_body                intcode_body 0000
__Lintcodelo                   intcodelo    1018
__Lintentry                    intentry     0000
__Lintret                      intret       0000
__Lintsave_regs                intsave_regs 0000
__Lirdata                      irdata       0000
__Lmediumconst                 mediumconst  0000
__LnvFARRAM                    nvFARRAM     0000
__Lnvbit                       nvbit        0000
__Lnvrram                      nvrram       0000
__Lparam                       rparam       0000
__Lpowerup                     powerup      1172
__Lram                         ram          0000
__Lramtop                      ramtop       0800
__Lrbit                        rbit         0000
__Lrbss                        rbss         0000
__Lrdata                       rdata        0000
__Lreset_vec                   reset_vec    1000
__Lrparam                      rparam       0000
__Lsfr                         sfr          0000
__Lsmallconst                  smallconst   1200
__Lspace_0                     (abs)        0000
__Lspace_1                     (abs)        0000
__Lspace_2                     (abs)        0000
__Lstack                       stack        0000
__Lstruct                      struct       0000
__Ltemp                        temp         0000
__Ltext                        text         0000
__Ltext0                       text0        0000
__Ltext1                       text1        0000
__Ltext11                      text11       0000
__Ltext12                      text12       0000
__Ltext13                      text13       0000
__Ltext14                      text14       0000
__Ltext15                      text15       0000
__Ltext2                       text2        0000
__Ltext3                       text3        0000
__Ltext4                       text4        0000
__Ltext5                       text5        0000
__Ltext6                       text6        0000
__Ltext7                       text7        0000
__Ltext9                       text9        0000
__S0                           (abs)        1920
__S1                           (abs)        018E
__S2                           (abs)        0000
___inthi_sp                    stack        0000
___intlo_sp                    stack        0000
___sp                          stack        0000
__accesstop                    (abs)        0060
__activetblptr                 (abs)        0002
__buffer_overflow              bssBANK0     0080
__data_pins                    bssBANK0     0060
__displaycontrol               bssCOMRAM    001D
__displayfunction              bssCOMRAM    001E
__displaymode                  bssCOMRAM    001F
__enable_pin                   bssCOMRAM    0020
__end_of_SSerial_recv          text12       14F2
__end_of_SSerial_rx_pin_read   text15       1916
__end_of_XMIT_START_ADJUSTMENT smallconst   12BA
__end_of__initialization       cinit        1770
__end_of__stringdata           smallconst   12BF
__end_of_analogPinToChannel    smallconst   12B8
__end_of_delay                 text6        189C
__end_of_digitalPinToBitMask   smallconst   1258
__end_of_digitalPinToPort      smallconst   1273
__end_of_digitalPinToTimer     smallconst   128E
__end_of_digitalToggle         text14       1818
__end_of_digitalWrite          text4        15CA
__end_of_disableTimer          text9        18DC
__end_of_high_isr              intcode_body 13E4
__end_of_init                  text7        1862
__end_of_loop                  text3        17CC
__end_of_low_isr               intcodelo    1172
__end_of_main                  text0        18FA
__end_of_pinMode               text2        1694
__end_of_portInputRegister     smallconst   129A
__end_of_portModeRegister      smallconst   12A6
__end_of_portOutputRegister    smallconst   12B2
__end_of_setup                 text1        1908
__end_of_store_char            text11       1712
__end_of_table                 smallconst   123D
__end_of_tonePinToTimer        smallconst   12BB
__end_of_tunedDelay            text13       18EC
__end_of_turnOffPWM            text5        18C8
__initialization               cinit        1712
__inverse_logic                bssCOMRAM    0009
__mediumconst                  mediumconst  0000
__mode                         bssCOMRAM    0021
__numlines                     bssCOMRAM    0022
__pbitbssCOMRAM                bitbssCOMRAM 0248
__pbssBANK0                    bssBANK0     0060
__pbssBANK1                    bssBANK1     0100
__pbssCOMRAM                   bssCOMRAM    0001
__pcinit                       cinit        1712
__pcstackBANK0                 cstackBANK0  00D8
__pcstackBANK1                 cstackBANK1  0184
__pcstackCOMRAM                cstackCOMRAM 002B
__pdataBANK0                   dataBANK0    00F1
__pdataCOMRAM                  dataCOMRAM   0047
__pidataBANK0                  idataBANK0   1916
__pidataCOMRAM                 idataCOMRAM  191E
__pintcode                     intcode      1008
__pintcode_body                intcode_body 12C0
__pintcodelo                   intcodelo    1018
__psmallconst                  smallconst   1200
__ptext0                       text0        18EC
__ptext1                       text1        18FA
__ptext11                      text11       1694
__ptext12                      text12       13E4
__ptext13                      text13       18DC
__ptext14                      text14       17CC
__ptext15                      text15       1908
__ptext2                       text2        15CA
__ptext3                       text3        177A
__ptext4                       text4        14F2
__ptext5                       text5        189C
__ptext6                       text6        1862
__ptext7                       text7        1818
__ptext9                       text9        18C8
__ramtop                       ramtop       0800
__receiveBitMask               bssCOMRAM    0023
__receivePin                   bssCOMRAM    0024
__receivePortRegister          bssBANK0     0082
__receive_buffer               bssBANK1     0100
__receive_buffer_head          bssCOMRAM    000B
__receive_buffer_tail          bssCOMRAM    000D
__rs_pin                       bssCOMRAM    0025
__rx_buffer                    bssCOMRAM    000F
__rx_delay_centering           bssBANK0     0084
__rx_delay_intrabit            bssBANK0     0086
__rx_delay_stopbit             bssBANK0     0088
__size_of_SSerial_recv         (abs)        0000
__size_of_SSerial_rx_pin_read  (abs)        0000
__size_of_delay                (abs)        0000
__size_of_digitalToggle        (abs)        0000
__size_of_digitalWrite         (abs)        0000
__size_of_disableTimer         (abs)        0000
__size_of_high_isr             (abs)        0000
__size_of_init                 (abs)        0000
__size_of_loop                 (abs)        0000
__size_of_low_isr              (abs)        0000
__size_of_main                 (abs)        0000
__size_of_pinMode              (abs)        0000
__size_of_setup                (abs)        0000
__size_of_store_char           (abs)        0000
__size_of_tunedDelay           (abs)        0000
__size_of_turnOffPWM           (abs)        0000
__smallconst                   smallconst   1200
__startMillis                  bssBANK0     006E
__stringdata                   smallconst   12BB
__timeout                      bssBANK0     0072
__transmitBitMask              bssCOMRAM    0026
__transmitPortRegister         bssBANK0     008A
__tx_buffer                    bssCOMRAM    0011
__tx_delay                     bssCOMRAM    0013
_analogPinToChannel            smallconst   12B2
_analog_reference              bssCOMRAM    0027
_delay                         text6        1862
_digitalPinToBitMask           smallconst   123D
_digitalPinToPort              smallconst   1258
_digitalPinToTimer             smallconst   1273
_digitalToggle                 text14       17CC
_digitalWrite                  text4        14F2
_disableTimer                  text9        18C8
_high_isr                      intcode      1008
_init                          text7        1818
_intFunc                       bssBANK0     0068
_loop                          text3        177A
_low_isr                       intcodelo    1018
_main                          text0        18EC
_ocr                           bssCOMRAM    0015
_pinMode                       text2        15CA
_portInputRegister             smallconst   128E
_portModeRegister              smallconst   129A
_portOutputRegister            smallconst   12A6
_position                      dataCOMRAM   0047
_ps_data                       bssBANK0     00D2
_randf                         bssCOMRAM    0028
_randx                         bssBANK0     0076
_rx_buffer                     bssBANK1     0140
_setup                         text1        18FA
_store_char                    text11       1694
_table                         smallconst   1201
_timer0_fract                  bssCOMRAM    0029
_timer0_millis                 bssCOMRAM    0001
_timer0_overflow_count         bssBANK0     007A
_timer1_pin_mask               bssCOMRAM    002A
_timer1_pin_port               bssBANK0     008C
_timer1_toggle_count           bssCOMRAM    0005
_tonePinToTimer                smallconst   12BA
_tone_pins                     dataCOMRAM   0048
_transmitting                  bitbssCOMRAM 0248
_tunedDelay                    text13       18DC
_turnOffPWM                    text5        189C
_tx_buffer                     bssBANK0     008E
delay@ms                       cstackBANK1  0184
digitalToggle@pin              cstackCOMRAM 0041
digitalWrite@_bit              cstackBANK1  018B
digitalWrite@oldGIE            cstackBANK1  0187
digitalWrite@out               cstackBANK1  0188
digitalWrite@pin               cstackBANK1  018D
digitalWrite@port              cstackBANK1  018C
digitalWrite@timer             cstackBANK1  018A
digitalWrite@val               cstackBANK1  0185
disableTimer@_timer            cstackCOMRAM 002B
end_of_initialization          cinit        1770
high_isr@c                     cstackBANK0  00EB
high_isr@f                     cstackBANK0  00F0
high_isr@m                     cstackBANK0  00EC
int_func                       intcode_body 12C0
intlevel0                      text         0000
intlevel1                      text         0000
intlevel2                      text         0000
intlevel3                      text         0000
lcd_setCursor@F5717            dataBANK0    00F1
low_isr@c                      cstackCOMRAM 003F
pinMode@_bit                   cstackBANK1  018B
pinMode@mode                   cstackBANK1  0184
pinMode@oldGIE                 cstackBANK1  0186
pinMode@oldGIE_867             cstackBANK1  0187
pinMode@pin                    cstackBANK1  0188
pinMode@port                   cstackBANK1  018C
pinMode@reg                    cstackBANK1  0189
stackhi                        (abs)        07FF
stacklo                        (abs)        018E
start                          init         1172
start_initialization           cinit        1712
store_char@buffer              cstackCOMRAM 0040
store_char@c                   cstackCOMRAM 0044
store_char@i                   cstackCOMRAM 0045
tunedDelay@delay               cstackCOMRAM 0040
turnOffPWM@timer               cstackBANK1  0184


FUNCTION INFORMATION:

 *************** function _main *****************
 Defined at:
		line 11 in file "main.c"
 Parameters:    Size  Location     Type
		None
 Auto vars:     Size  Location     Type
		None
 Return value:  Size  Location     Type
		None               void
 Registers used:
		wreg, fsr2l, fsr2h, status,2, status,0, tblptrl, tblptrh, tblptru, prodl, prodh, cstack
 Tracked objects:
		On entry : 
		On exit  : 
		Unchanged: 
 Data sizes:     COMRAM   BANK0   BANK1   BANK2   BANK3   BANK4   BANK5   BANK6   BANK7
      Params:         0       0       0       0       0       0       0       0       0
      Locals:         0       0       0       0       0       0       0       0       0
      Temps:          0       0       0       0       0       0       0       0       0
      Totals:         0       0       0       0       0       0       0       0       0
Total ram usage:        0 bytes
 Hardware stack levels required when called:    8
 This function calls:
		_init
		_loop
		_setup
 This function is called by:
		Startup code after reset
 This function uses a non-reentrant model


 *************** function _setup *****************
 Defined at:
		line 8 in file "User-Template.c"
 Parameters:    Size  Location     Type
		None
 Auto vars:     Size  Location     Type
		None
 Return value:  Size  Location     Type
		None               void
 Registers used:
		wreg, fsr2l, fsr2h, status,2, status,0, tblptrl, tblptrh, tblptru, prodl, prodh, cstack
 Tracked objects:
		On entry : 
		On exit  : 
		Unchanged: 
 Data sizes:     COMRAM   BANK0   BANK1   BANK2   BANK3   BANK4   BANK5   BANK6   BANK7
      Params:         0       0       0       0       0       0       0       0       0
      Locals:         0       0       0       0       0       0       0       0       0
      Temps:          0       0       0       0       0       0       0       0       0
      Totals:         0       0       0       0       0       0       0       0       0
Total ram usage:        0 bytes
 Hardware stack levels used:    1
 Hardware stack levels required when called:    6
 This function calls:
		_pinMode
 This function is called by:
		_main
 This function uses a non-reentrant model


 *************** function _pinMode *****************
 Defined at:
		line 12 in file "wiring_digital.c"
 Parameters:    Size  Location     Type
  pin             1    wreg     unsigned char 
  mode            1    0[BANK1 ] unsigned char 
 Auto vars:     Size  Location     Type
  pin             1    4[BANK1 ] unsigned char 
  oldGIE          1    3[BANK1 ] unsigned char 
  oldGIE          1    2[BANK1 ] unsigned char 
  reg             2    5[BANK1 ] PTR volatile unsigned ch
		 -> TRISE(1), TRISD(1), TRISC(1), TRISB(1), 
		 -> TRISA(1), NULL(0), 
  port            1    8[BANK1 ] unsigned char 
  _bit            1    7[BANK1 ] unsigned char 
 Return value:  Size  Location     Type
		None               void
 Registers used:
		wreg, fsr2l, fsr2h, status,2, status,0, tblptrl, tblptrh, tblptru, prodl, prodh
 Tracked objects:
		On entry : 
		On exit  : 
		Unchanged: 
 Data sizes:     COMRAM   BANK0   BANK1   BANK2   BANK3   BANK4   BANK5   BANK6   BANK7
      Params:         0       0       1       0       0       0       0       0       0
      Locals:         0       0       7       0       0       0       0       0       0
      Temps:          0       0       1       0       0       0       0       0       0
      Totals:         0       0       9       0       0       0       0       0       0
Total ram usage:        9 bytes
 Hardware stack levels used:    1
 Hardware stack levels required when called:    5
 This function calls:
		Nothing
 This function is called by:
		_setup
		_attachInterrupt
		_tone
		_analogWrite
		_lcd_4bit
		_lcd_8bit
		_lcd_write4bits
		_lcd_write8bits
		_SSerial_setTx
		_SSerial_setRx
		_G15_begin
		_PS2_begin
		_Shield2AMotor_begin
 This function uses a non-reentrant model


 *************** function _loop *****************
 Defined at:
		line 13 in file "User-Template.c"
 Parameters:    Size  Location     Type
		None
 Auto vars:     Size  Location     Type
		None
 Return value:  Size  Location     Type
		None               void
 Registers used:
		wreg, fsr2l, fsr2h, status,2, status,0, tblptrl, tblptrh, tblptru, prodl, prodh, cstack
 Tracked objects:
		On entry : 
		On exit  : 
		Unchanged: 
 Data sizes:     COMRAM   BANK0   BANK1   BANK2   BANK3   BANK4   BANK5   BANK6   BANK7
      Params:         0       0       0       0       0       0       0       0       0
      Locals:         0       0       0       0       0       0       0       0       0
      Temps:          0       0       0       0       0       0       0       0       0
      Totals:         0       0       0       0       0       0       0       0       0
Total ram usage:        0 bytes
 Hardware stack levels used:    1
 Hardware stack levels required when called:    7
 This function calls:
		_delay
		_digitalWrite
 This function is called by:
		_main
 This function uses a non-reentrant model


 *************** function _digitalWrite *****************
 Defined at:
		line 52 in file "wiring_digital.c"
 Parameters:    Size  Location     Type
  pin             1    wreg     unsigned char 
  val             1    1[BANK1 ] unsigned char 
 Auto vars:     Size  Location     Type
  pin             1    9[BANK1 ] unsigned char 
  out             2    4[BANK1 ] PTR volatile unsigned ch
		 -> LATE(1), LATD(1), LATC(1), LATB(1), 
		 -> LATA(1), NULL(0), 
  port            1    8[BANK1 ] unsigned char 
  _bit            1    7[BANK1 ] unsigned char 
  timer           1    6[BANK1 ] unsigned char 
  oldGIE          1    3[BANK1 ] unsigned char 
 Return value:  Size  Location     Type
		None               void
 Registers used:
		wreg, fsr2l, fsr2h, status,2, status,0, tblptrl, tblptrh, tblptru, prodl, prodh, cstack
 Tracked objects:
		On entry : 
		On exit  : 
		Unchanged: 
 Data sizes:     COMRAM   BANK0   BANK1   BANK2   BANK3   BANK4   BANK5   BANK6   BANK7
      Params:         0       0       1       0       0       0       0       0       0
      Locals:         0       0       7       0       0       0       0       0       0
      Temps:          0       0       1       0       0       0       0       0       0
      Totals:         0       0       9       0       0       0       0       0       0
Total ram usage:        9 bytes
 Hardware stack levels used:    1
 Hardware stack levels required when called:    6
 This function calls:
		_turnOffPWM
 This function is called by:
		_loop
		_noTone
		_analogWrite
		_shiftIn
		_shiftOut
		_lcd_begin
		_lcd_send
		_lcd_write4bits
		_lcd_write8bits
		_lcd_pulseEnable
		_SSerial_setTx
		_G15_begin
		_setTx
		_setRx
		_PS2_begin
		_PS2_reset
		_Shield2AMotor_begin
		_Shield2AMotor_control
 This function uses a non-reentrant model


 *************** function _turnOffPWM *****************
 Defined at:
		line 38 in file "wiring_digital.c"
 Parameters:    Size  Location     Type
  timer           1    wreg     unsigned char 
 Auto vars:     Size  Location     Type
  timer           1    0[BANK1 ] unsigned char 
 Return value:  Size  Location     Type
		None               void
 Registers used:
		wreg, status,2, status,0
 Tracked objects:
		On entry : 
		On exit  : 
		Unchanged: 
 Data sizes:     COMRAM   BANK0   BANK1   BANK2   BANK3   BANK4   BANK5   BANK6   BANK7
      Params:         0       0       0       0       0       0       0       0       0
      Locals:         0       0       1       0       0       0       0       0       0
      Temps:          0       0       0       0       0       0       0       0       0
      Totals:         0       0       1       0       0       0       0       0       0
Total ram usage:        1 bytes
 Hardware stack levels used:    1
 Hardware stack levels required when called:    5
 This function calls:
		Nothing
 This function is called by:
		_digitalWrite
 This function uses a non-reentrant model


 *************** function _delay *****************
 Defined at:
		line 43 in file "wiring.c"
 Parameters:    Size  Location     Type
  ms              4    0[BANK1 ] unsigned long 
 Auto vars:     Size  Location     Type
		None
 Return value:  Size  Location     Type
		None               void
 Registers used:
		wreg, status,2, status,0
 Tracked objects:
		On entry : 
		On exit  : 
		Unchanged: 
 Data sizes:     COMRAM   BANK0   BANK1   BANK2   BANK3   BANK4   BANK5   BANK6   BANK7
      Params:         0       0       4       0       0       0       0       0       0
      Locals:         0       0       0       0       0       0       0       0       0
      Temps:          0       0       1       0       0       0       0       0       0
      Totals:         0       0       5       0       0       0       0       0       0
Total ram usage:        5 bytes
 Hardware stack levels used:    1
 Hardware stack levels required when called:    5
 This function calls:
		Nothing
 This function is called by:
		_loop
		_analogRead
		_lcd_begin
		_lcd_clear
		_lcd_home
		_G15_setAngleLimit
		_G15_setTemperatureLimit
		_G15_setVoltageLimit
		_G15_setID
		_G15_setAlarmLED
		_G15_setAlarmShutDown
		_G15_setBaudRate
		_G15_factoryReset
		_Shield2AMotor_waveDrive
		_Shield2AMotor_fullDrive
		_Shield2AMotor_halfStepDrive
 This function uses a non-reentrant model


 *************** function _init *****************
 Defined at:
		line 57 in file "wiring.c"
 Parameters:    Size  Location     Type
		None
 Auto vars:     Size  Location     Type
		None
 Return value:  Size  Location     Type
		None               void
 Registers used:
		wreg, status,2
 Tracked objects:
		On entry : 
		On exit  : 
		Unchanged: 
 Data sizes:     COMRAM   BANK0   BANK1   BANK2   BANK3   BANK4   BANK5   BANK6   BANK7
      Params:         0       0       0       0       0       0       0       0       0
      Locals:         0       0       0       0       0       0       0       0       0
      Temps:          0       0       0       0       0       0       0       0       0
      Totals:         0       0       0       0       0       0       0       0       0
Total ram usage:        0 bytes
 Hardware stack levels used:    1
 Hardware stack levels required when called:    5
 This function calls:
		Nothing
 This function is called by:
		_main
 This function uses a non-reentrant model


 *************** function _low_isr *****************
 Defined at:
		line 133 in file "interrupt.c"
 Parameters:    Size  Location     Type
		None
 Auto vars:     Size  Location     Type
  c               1   20[COMRAM] unsigned char 
 Return value:  Size  Location     Type
		None               void
 Registers used:
		wreg, fsr1l, fsr1h, fsr2l, fsr2h, status,2, status,0, cstack
 Tracked objects:
		On entry : 
		On exit  : 
		Unchanged: 
 Data sizes:     COMRAM   BANK0   BANK1   BANK2   BANK3   BANK4   BANK5   BANK6   BANK7
      Params:         0       0       0       0       0       0       0       0       0
      Locals:         1       0       0       0       0       0       0       0       0
      Temps:         19       0       0       0       0       0       0       0       0
      Totals:        20       0       0       0       0       0       0       0       0
Total ram usage:       20 bytes
 Hardware stack levels used:    1
 Hardware stack levels required when called:    4
 This function calls:
		_disableTimer
 This function is called by:
		Interrupt level 1
 This function uses a non-reentrant model


 *************** function _disableTimer *****************
 Defined at:
		line 86 in file "Tone.c"
 Parameters:    Size  Location     Type
  _timer          1    wreg     unsigned char 
 Auto vars:     Size  Location     Type
  _timer          1    0[COMRAM] unsigned char 
 Return value:  Size  Location     Type
		None               void
 Registers used:
		wreg, status,2, status,0
 Tracked objects:
		On entry : 
		On exit  : 
		Unchanged: 
 Data sizes:     COMRAM   BANK0   BANK1   BANK2   BANK3   BANK4   BANK5   BANK6   BANK7
      Params:         0       0       0       0       0       0       0       0       0
      Locals:         1       0       0       0       0       0       0       0       0
      Temps:          0       0       0       0       0       0       0       0       0
      Totals:         1       0       0       0       0       0       0       0       0
Total ram usage:        1 bytes
 Hardware stack levels used:    1
 Hardware stack levels required when called:    3
 This function calls:
		Nothing
 This function is called by:
		_low_isr
		_noTone
 This function uses a non-reentrant model


 *************** function _high_isr *****************
 Defined at:
		line 78 in file "interrupt.c"
 Parameters:    Size  Location     Type
		None
 Auto vars:     Size  Location     Type
  c               1   19[BANK0 ] unsigned char 
  m               4   20[BANK0 ] unsigned long 
  f               1   24[BANK0 ] unsigned char 
 Return value:  Size  Location     Type
		None               void
 Registers used:
		wreg, fsr2l, fsr2h, status,2, status,0, tblptrl, tblptrh, tblptru, prodl, prodh, cstack
 Tracked objects:
		On entry : 
		On exit  : 
		Unchanged: 
 Data sizes:     COMRAM   BANK0   BANK1   BANK2   BANK3   BANK4   BANK5   BANK6   BANK7
      Params:         0       0       0       0       0       0       0       0       0
      Locals:         0       6       0       0       0       0       0       0       0
      Temps:          0      14       0       0       0       0       0       0       0
      Totals:         0      20       0       0       0       0       0       0       0
Total ram usage:       20 bytes
 Hardware stack levels used:    1
 Hardware stack levels required when called:    2
 This function calls:
		_SSerial_recv
		_store_char
 This function is called by:
		Interrupt level 2
 This function uses a non-reentrant model


 *************** function _store_char *****************
 Defined at:
		line 21 in file "HardwareSerial.c"
 Parameters:    Size  Location     Type
  c               1    wreg     unsigned char 
  buffer          2   21[COMRAM] PTR volatile struct .
		 -> rx_buffer(68), 
 Auto vars:     Size  Location     Type
  c               1   25[COMRAM] unsigned char 
  i               2   26[COMRAM] int 
 Return value:  Size  Location     Type
		None               void
 Registers used:
		wreg, fsr2l, fsr2h, status,2, status,0
 Tracked objects:
		On entry : 
		On exit  : 
		Unchanged: 
 Data sizes:     COMRAM   BANK0   BANK1   BANK2   BANK3   BANK4   BANK5   BANK6   BANK7
      Params:         2       0       0       0       0       0       0       0       0
      Locals:         3       0       0       0       0       0       0       0       0
      Temps:          2       0       0       0       0       0       0       0       0
      Totals:         7       0       0       0       0       0       0       0       0
Total ram usage:        7 bytes
 Hardware stack levels used:    1
 This function calls:
		Nothing
 This function is called by:
		_high_isr
 This function uses a non-reentrant model


 *************** function _SSerial_recv *****************
 Defined at:
		line 45 in file "SoftwareSerial.c"
 Parameters:    Size  Location     Type
		None
 Auto vars:     Size  Location     Type
  noti            1    0[BANK0 ] unsigned char 
  i               1    4[BANK0 ] unsigned char 
  d               1    3[BANK0 ] unsigned char 
 Return value:  Size  Location     Type
		None               void
 Registers used:
		wreg, fsr2l, fsr2h, status,2, status,0, tblptrl, tblptrh, tblptru, prodl, prodh, cstack
 Tracked objects:
		On entry : 
		On exit  : 
		Unchanged: 
 Data sizes:     COMRAM   BANK0   BANK1   BANK2   BANK3   BANK4   BANK5   BANK6   BANK7
      Params:         0       0       0       0       0       0       0       0       0
      Locals:         0       5       0       0       0       0       0       0       0
      Temps:          2       0       0       0       0       0       0       0       0
      Totals:         2       5       0       0       0       0       0       0       0
Total ram usage:        7 bytes
 Hardware stack levels used:    1
 Hardware stack levels required when called:    1
 This function calls:
		_SSerial_rx_pin_read
		_digitalToggle
		_tunedDelay
 This function is called by:
		_high_isr
 This function uses a non-reentrant model


 *************** function _tunedDelay *****************
 Defined at:
		line 38 in file "SoftwareSerial.c"
 Parameters:    Size  Location     Type
  delay           2   21[COMRAM] unsigned short 
 Auto vars:     Size  Location     Type
		None
 Return value:  Size  Location     Type
		None               void
 Registers used:
		wreg, status,2, status,0
 Tracked objects:
		On entry : 
		On exit  : 
		Unchanged: 
 Data sizes:     COMRAM   BANK0   BANK1   BANK2   BANK3   BANK4   BANK5   BANK6   BANK7
      Params:         2       0       0       0       0       0       0       0       0
      Locals:         0       0       0       0       0       0       0       0       0
      Temps:          0       0       0       0       0       0       0       0       0
      Totals:         2       0       0       0       0       0       0       0       0
Total ram usage:        2 bytes
 Hardware stack levels used:    1
 This function calls:
		Nothing
 This function is called by:
		_SSerial_recv
		_SSerial_begin
		_SSerial_write
 This function uses a non-reentrant model


 *************** function _digitalToggle *****************
 Defined at:
		line 89 in file "wiring_digital.c"
 Parameters:    Size  Location     Type
  pin             1    wreg     unsigned char 
 Auto vars:     Size  Location     Type
  pin             1   22[COMRAM] unsigned char 
 Return value:  Size  Location     Type
		None               void
 Registers used:
		wreg, fsr2l, fsr2h, status,2, status,0, tblptrl, tblptrh, tblptru, prodl, prodh
 Tracked objects:
		On entry : 
		On exit  : 
		Unchanged: 
 Data sizes:     COMRAM   BANK0   BANK1   BANK2   BANK3   BANK4   BANK5   BANK6   BANK7
      Params:         0       0       0       0       0       0       0       0       0
      Locals:         1       0       0       0       0       0       0       0       0
      Temps:          1       0       0       0       0       0       0       0       0
      Totals:         2       0       0       0       0       0       0       0       0
Total ram usage:        2 bytes
 Hardware stack levels used:    1
 This function calls:
		Nothing
 This function is called by:
		_SSerial_recv
 This function uses a non-reentrant model


 *************** function _SSerial_rx_pin_read *****************
 Defined at:
		line 95 in file "SoftwareSerial.c"
 Parameters:    Size  Location     Type
		None
 Auto vars:     Size  Location     Type
		None
 Return value:  Size  Location     Type
                  1    wreg      unsigned char 
 Registers used:
		wreg, fsr2l, fsr2h, status,2, status,0
 Tracked objects:
		On entry : 
		On exit  : 
		Unchanged: 
 Data sizes:     COMRAM   BANK0   BANK1   BANK2   BANK3   BANK4   BANK5   BANK6   BANK7
      Params:         0       0       0       0       0       0       0       0       0
      Locals:         0       0       0       0       0       0       0       0       0
      Temps:          0       0       0       0       0       0       0       0       0
      Totals:         0       0       0       0       0       0       0       0       0
Total ram usage:        0 bytes
 Hardware stack levels used:    1
 This function calls:
		Nothing
 This function is called by:
		_SSerial_recv
 This function uses a non-reentrant model



MODULE INFORMATION

Module		Function		Class		Link	Load	Size
SoftwareSerial.c
		_SSerial_rx_pin		CODE           	1908	0000	14
		_tunedDelay    		CODE           	18DC	0000	16
		_SSerial_recv  		CODE           	13E4	0000	270

SoftwareSerial.c estimated size: 300

wiring.c
		_init          		CODE           	1818	0000	74
		_delay         		CODE           	1862	0000	58

wiring.c estimated size: 132

wiring_digital.c
		_turnOffPWM    		CODE           	189C	0000	44
		_digitalWrite  		CODE           	14F2	0000	216
		_digitalToggle 		CODE           	17CC	0000	76
		_pinMode       		CODE           	15CA	0000	202

wiring_digital.c estimated size: 538

interrupt.c
		_high_isr      		CODE           	1008	0000	988
		_low_isr       		CODE           	1018	0000	346

interrupt.c estimated size: 1334

shared
		_analogPinToCha		SMALLCONST     	12B2	0000	6
		__stringdata   		SMALLCONST     	12BB	0000	4
		_XMIT_START_ADJ		SMALLCONST     	12B8	0000	2
		_table         		SMALLCONST     	1201	0000	60
		_portInputRegis		SMALLCONST     	128E	0000	12
		__initializatio		CODE           	1712	0000	94
		_digitalPinToBi		SMALLCONST     	123D	0000	27
		_digitalPinToPo		SMALLCONST     	1258	0000	27
		_digitalPinToTi		SMALLCONST     	1273	0000	27
		_portOutputRegi		SMALLCONST     	12A6	0000	12
		_portModeRegist		SMALLCONST     	129A	0000	12
		_tonePinToTimer		SMALLCONST     	12BA	0000	1

shared estimated size: 284

HardwareSerial.c
		_store_char    		CODE           	1694	0000	126

HardwareSerial.c estimated size: 126

Tone.c
		_disableTimer  		CODE           	18C8	0000	20

Tone.c estimated size: 20

main.c
		_main          		CODE           	18EC	0000	14

main.c estimated size: 14

User-Template.c
		_loop          		CODE           	177A	0000	82
		_setup         		CODE           	18FA	0000	14

User-Template.c estimated size: 96

